This is pdfTeX, Version 3.141592653-2.6-1.40.27 (TeX Live 2025/nixos.org) (preloaded format=pdflatex 1980.1.1)  4 SEP 2026 21:13
entering extended mode
 restricted \write18 enabled.
 %&-line parsing enabled.
**paper.tex
(./paper.tex
LaTeX2e <2025-11-01>
L3 programming layer <2026-01-19>

(/nix/store/l6qicpbm2pkry8bacx50d9jdmdjwv3n9-texlive-combined-2025-texmfdist/te
x/latex/base/article.cls
Document Class: article 2025/01/22 v1.4n Standard LaTeX document class

(/nix/store/l6qicpbm2pkry8bacx50d9jdmdjwv3n9-texlive-combined-2025-texmfdist/te
x/latex/base/size11.clo
File: size11.clo 2025/01/22 v1.4n Standard LaTeX file (size option)
)
\c@part=\count275
\c@section=\count276
\c@subsection=\count277
\c@subsubsection=\count278
\c@paragraph=\count279
\c@subparagraph=\count280
\c@figure=\count281
\c@table=\count282
\abovecaptionskip=\skip49
\belowcaptionskip=\skip50
\bibindent=\dimen148
)
(/nix/store/l6qicpbm2pkry8bacx50d9jdmdjwv3n9-texlive-combined-2025-texmfdist/te
x/latex/base/inputenc.sty
Package: inputenc 2024/02/08 v1.3d Input encoding file
\inpenc@prehook=\toks17
\inpenc@posthook=\toks18
)
(/nix/store/l6qicpbm2pkry8bacx50d9jdmdjwv3n9-texlive-combined-2025-texmfdist/te
x/latex/base/fontenc.sty
Package: fontenc 2025/07/18 v2.1d Standard LaTeX package
)
(/nix/store/l6qicpbm2pkry8bacx50d9jdmdjwv3n9-texlive-combined-2025-texmfdist/te
x/generic/babel/babel.sty
Package: babel 2026/02/14 v26.3 The multilingual framework for LuaLaTeX, pdfLaT
eX and XeLaTeX
\babel@savecnt=\count283
LaTeX Encoding Info:    Redeclaring text command \ij (encoding OT1) on input li
ne 2078.
LaTeX Encoding Info:    Redeclaring text command \IJ (encoding OT1) on input li
ne 2080.
LaTeX Encoding Info:    Redeclaring text command \ij (encoding T1) on input lin
e 2082.
LaTeX Encoding Info:    Redeclaring text command \IJ (encoding T1) on input lin
e 2083.
LaTeX Encoding Info:    Ignoring declaration for text command \ij (encoding ?) 
on input line 2084.
LaTeX Encoding Info:    Ignoring declaration for text command \IJ (encoding ?) 
on input line 2086.
LaTeX Encoding Info:    Ignoring declaration for text command \SS (encoding ?) 
on input line 2111.
\U@D=\dimen149
\l@unhyphenated=\language49

(/nix/store/l6qicpbm2pkry8bacx50d9jdmdjwv3n9-texlive-combined-2025-texmfdist/te
x/generic/babel/txtbabel.def)
\bbl@readstream=\read2
\bbl@dirlevel=\count284

(/nix/store/l6qicpbm2pkry8bacx50d9jdmdjwv3n9-texlive-combined-2025-texmfdist/te
x/generic/babel/locale/es/babel-spanish.tex)
Package babel Info: Importing font and identification data for spanish
(babel)             from babel-es.ini. Reported on input line 4330.

(/nix/store/l6qicpbm2pkry8bacx50d9jdmdjwv3n9-texlive-combined-2025-texmfdist/te
x/generic/babel-spanish/spanish.ldf
Language: spanish.ldf 2021/05/27 v5.0q Spanish support from the babel system
\es@quottoks=\toks19
\es@quotdepth=\count285
Package babel Info: Making " an active character on input line 570.
Package babel Info: Making . an active character on input line 675.
))
LaTeX Encoding Info:    Redeclaring text command \guillemotleft (encoding OT1) 
on input line 5.
LaTeX Encoding Info:    Redeclaring text command \guillemotright (encoding OT1)
 on input line 5.

(/nix/store/l6qicpbm2pkry8bacx50d9jdmdjwv3n9-texlive-combined-2025-texmfdist/te
x/latex/geometry/geometry.sty
Package: geometry 2020/01/02 v5.9 Page Geometry

(/nix/store/l6qicpbm2pkry8bacx50d9jdmdjwv3n9-texlive-combined-2025-texmfdist/te
x/latex/graphics/keyval.sty
Package: keyval 2022/05/29 v1.15 key=value parser (DPC)
\KV@toks@=\toks20
)
(/nix/store/l6qicpbm2pkry8bacx50d9jdmdjwv3n9-texlive-combined-2025-texmfdist/te
x/generic/iftex/ifvtex.sty
Package: ifvtex 2019/10/25 v1.7 ifvtex legacy package. Use iftex instead.

(/nix/store/l6qicpbm2pkry8bacx50d9jdmdjwv3n9-texlive-combined-2025-texmfdist/te
x/generic/iftex/iftex.sty
Package: iftex 2024/12/12 v1.0g TeX engine tests
))
\Gm@cnth=\count286
\Gm@cntv=\count287
\c@Gm@tempcnt=\count288
\Gm@bindingoffset=\dimen150
\Gm@wd@mp=\dimen151
\Gm@odd@mp=\dimen152
\Gm@even@mp=\dimen153
\Gm@layoutwidth=\dimen154
\Gm@layoutheight=\dimen155
\Gm@layouthoffset=\dimen156
\Gm@layoutvoffset=\dimen157
\Gm@dimlist=\toks21
)
(/nix/store/l6qicpbm2pkry8bacx50d9jdmdjwv3n9-texlive-combined-2025-texmfdist/te
x/latex/amsmath/amsmath.sty
Package: amsmath 2025/07/09 v2.17z AMS math features
\@mathmargin=\skip51

For additional information on amsmath, use the `?' option.

(/nix/store/l6qicpbm2pkry8bacx50d9jdmdjwv3n9-texlive-combined-2025-texmfdist/te
x/latex/amsmath/amstext.sty
Package: amstext 2024/11/17 v2.01 AMS text

(/nix/store/l6qicpbm2pkry8bacx50d9jdmdjwv3n9-texlive-combined-2025-texmfdist/te
x/latex/amsmath/amsgen.sty
File: amsgen.sty 1999/11/30 v2.0 generic functions
\@emptytoks=\toks22
\ex@=\dimen158
))
(/nix/store/l6qicpbm2pkry8bacx50d9jdmdjwv3n9-texlive-combined-2025-texmfdist/te
x/latex/amsmath/amsbsy.sty
Package: amsbsy 1999/11/29 v1.2d Bold Symbols
\pmbraise@=\dimen159
)
(/nix/store/l6qicpbm2pkry8bacx50d9jdmdjwv3n9-texlive-combined-2025-texmfdist/te
x/latex/amsmath/amsopn.sty
Package: amsopn 2022/04/08 v2.04 operator names
)
\inf@bad=\count289
LaTeX Info: Redefining \frac on input line 233.
\uproot@=\count290
\leftroot@=\count291
LaTeX Info: Redefining \overline on input line 398.
LaTeX Info: Redefining \colon on input line 409.
\classnum@=\count292
\DOTSCASE@=\count293
LaTeX Info: Redefining \ldots on input line 495.
LaTeX Info: Redefining \dots on input line 498.
LaTeX Info: Redefining \cdots on input line 619.
\Mathstrutbox@=\box53
\strutbox@=\box54
LaTeX Info: Redefining \big on input line 721.
LaTeX Info: Redefining \Big on input line 722.
LaTeX Info: Redefining \bigg on input line 723.
LaTeX Info: Redefining \Bigg on input line 724.
\big@size=\dimen160
LaTeX Font Info:    Redeclaring font encoding OML on input line 742.
LaTeX Font Info:    Redeclaring font encoding OMS on input line 743.
\macc@depth=\count294
LaTeX Info: Redefining \bmod on input line 904.
LaTeX Info: Redefining \pmod on input line 909.
LaTeX Info: Redefining \smash on input line 939.
LaTeX Info: Redefining \relbar on input line 969.
LaTeX Info: Redefining \Relbar on input line 970.
\c@MaxMatrixCols=\count295
\dotsspace@=\muskip17
\c@parentequation=\count296
\dspbrk@lvl=\count297
\tag@help=\toks23
\row@=\count298
\column@=\count299
\maxfields@=\count300
\andhelp@=\toks24
\eqnshift@=\dimen161
\alignsep@=\dimen162
\tagshift@=\dimen163
\tagwidth@=\dimen164
\totwidth@=\dimen165
\lineht@=\dimen166
\@envbody=\toks25
\multlinegap=\skip52
\multlinetaggap=\skip53
\mathdisplay@stack=\toks26
LaTeX Info: Redefining \[ on input line 2950.
LaTeX Info: Redefining \] on input line 2951.
)
(/nix/store/l6qicpbm2pkry8bacx50d9jdmdjwv3n9-texlive-combined-2025-texmfdist/te
x/latex/graphics/graphicx.sty
Package: graphicx 2024/12/31 v1.2e Enhanced LaTeX Graphics (DPC,SPQR)

(/nix/store/l6qicpbm2pkry8bacx50d9jdmdjwv3n9-texlive-combined-2025-texmfdist/te
x/latex/graphics/graphics.sty
Package: graphics 2024/08/06 v1.4g Standard LaTeX Graphics (DPC,SPQR)

(/nix/store/l6qicpbm2pkry8bacx50d9jdmdjwv3n9-texlive-combined-2025-texmfdist/te
x/latex/graphics/trig.sty
Package: trig 2023/12/02 v1.11 sin cos tan (DPC)
)
(/nix/store/l6qicpbm2pkry8bacx50d9jdmdjwv3n9-texlive-combined-2025-texmfdist/te
x/latex/graphics-cfg/graphics.cfg
File: graphics.cfg 2016/06/04 v1.11 sample graphics configuration
)
Package graphics Info: Driver file: pdftex.def on input line 106.

(/nix/store/l6qicpbm2pkry8bacx50d9jdmdjwv3n9-texlive-combined-2025-texmfdist/te
x/latex/graphics-def/pdftex.def
File: pdftex.def 2025/09/29 v1.2d Graphics/color driver for pdftex
))
\Gin@req@height=\dimen167
\Gin@req@width=\dimen168
)
(/nix/store/l6qicpbm2pkry8bacx50d9jdmdjwv3n9-texlive-combined-2025-texmfdist/te
x/latex/booktabs/booktabs.sty
Package: booktabs 2020/01/12 v1.61803398 Publication quality tables
\heavyrulewidth=\dimen169
\lightrulewidth=\dimen170
\cmidrulewidth=\dimen171
\belowrulesep=\dimen172
\belowbottomsep=\dimen173
\aboverulesep=\dimen174
\abovetopsep=\dimen175
\cmidrulesep=\dimen176
\cmidrulekern=\dimen177
\defaultaddspace=\dimen178
\@cmidla=\count301
\@cmidlb=\count302
\@aboverulesep=\dimen179
\@belowrulesep=\dimen180
\@thisruleclass=\count303
\@lastruleclass=\count304
\@thisrulewidth=\dimen181
)
(/nix/store/l6qicpbm2pkry8bacx50d9jdmdjwv3n9-texlive-combined-2025-texmfdist/te
x/latex/float/float.sty
Package: float 2001/11/08 v1.3d Float enhancements (AL)
\c@float@type=\count305
\float@exts=\toks27
\float@box=\box55
\@float@everytoks=\toks28
\@floatcapt=\box56
)
(/nix/store/l6qicpbm2pkry8bacx50d9jdmdjwv3n9-texlive-combined-2025-texmfdist/te
x/latex/microtype/microtype.sty
Package: microtype 2026/03/01 v3.2d Micro-typographical refinements (RS)

(/nix/store/l6qicpbm2pkry8bacx50d9jdmdjwv3n9-texlive-combined-2025-texmfdist/te
x/latex/etoolbox/etoolbox.sty
Package: etoolbox 2025/10/02 v2.5m e-TeX tools for LaTeX (JAW)
\etb@tempcnta=\count306
)
\MT@toks=\toks29
\MT@tempbox=\box57
\MT@count=\count307
LaTeX Info: Redefining \noprotrusionifhmode on input line 1084.
LaTeX Info: Redefining \leftprotrusion on input line 1085.
\MT@prot@toks=\toks30
LaTeX Info: Redefining \rightprotrusion on input line 1104.
LaTeX Info: Redefining \textls on input line 1449.
\MT@outer@kern=\dimen182
LaTeX Info: Redefining \microtypecontext on input line 2053.
LaTeX Info: Redefining \textmicrotypecontext on input line 2070.
\MT@listname@count=\count308

(/nix/store/l6qicpbm2pkry8bacx50d9jdmdjwv3n9-texlive-combined-2025-texmfdist/te
x/latex/microtype/microtype-pdftex.def
File: microtype-pdftex.def 2026/03/01 v3.2d Definitions specific to pdftex (RS)

LaTeX Info: Redefining \lsstyle on input line 944.
LaTeX Info: Redefining \lslig on input line 944.
\MT@outer@space=\skip54
)
Package microtype Info: Loading configuration file microtype.cfg.

(/nix/store/l6qicpbm2pkry8bacx50d9jdmdjwv3n9-texlive-combined-2025-texmfdist/te
x/latex/microtype/microtype.cfg
File: microtype.cfg 2026/03/01 v3.2d microtype main configuration file (RS)
)
LaTeX Info: Redefining \microtypesetup on input line 3065.
)
(/nix/store/l6qicpbm2pkry8bacx50d9jdmdjwv3n9-texlive-combined-2025-texmfdist/te
x/latex/hyperref/hyperref.sty
Package: hyperref 2026-01-29 v7.01p Hypertext links for LaTeX

(/nix/store/l6qicpbm2pkry8bacx50d9jdmdjwv3n9-texlive-combined-2025-texmfdist/te
x/latex/kvsetkeys/kvsetkeys.sty
Package: kvsetkeys 2022-10-05 v1.19 Key value parser (HO)
)
(/nix/store/l6qicpbm2pkry8bacx50d9jdmdjwv3n9-texlive-combined-2025-texmfdist/te
x/generic/kvdefinekeys/kvdefinekeys.sty
Package: kvdefinekeys 2019-12-19 v1.6 Define keys (HO)
)
(/nix/store/l6qicpbm2pkry8bacx50d9jdmdjwv3n9-texlive-combined-2025-texmfdist/te
x/generic/pdfescape/pdfescape.sty
Package: pdfescape 2019/12/09 v1.15 Implements pdfTeX's escape features (HO)

(/nix/store/l6qicpbm2pkry8bacx50d9jdmdjwv3n9-texlive-combined-2025-texmfdist/te
x/generic/ltxcmds/ltxcmds.sty
Package: ltxcmds 2023-12-04 v1.26 LaTeX kernel commands for general use (HO)
)
(/nix/store/l6qicpbm2pkry8bacx50d9jdmdjwv3n9-texlive-combined-2025-texmfdist/te
x/generic/pdftexcmds/pdftexcmds.sty
Package: pdftexcmds 2020-06-27 v0.33 Utility functions of pdfTeX for LuaTeX (HO
)

(/nix/store/l6qicpbm2pkry8bacx50d9jdmdjwv3n9-texlive-combined-2025-texmfdist/te
x/generic/infwarerr/infwarerr.sty
Package: infwarerr 2019/12/03 v1.5 Providing info/warning/error messages (HO)
)
Package pdftexcmds Info: \pdf@primitive is available.
Package pdftexcmds Info: \pdf@ifprimitive is available.
Package pdftexcmds Info: \pdfdraftmode found.
))
(/nix/store/l6qicpbm2pkry8bacx50d9jdmdjwv3n9-texlive-combined-2025-texmfdist/te
x/latex/hycolor/hycolor.sty
Package: hycolor 2020-01-27 v1.10 Color options for hyperref/bookmark (HO)
)
(/nix/store/l6qicpbm2pkry8bacx50d9jdmdjwv3n9-texlive-combined-2025-texmfdist/te
x/latex/hyperref/nameref.sty
Package: nameref 2026-01-29 v2.58 Cross-referencing by name of section

(/nix/store/l6qicpbm2pkry8bacx50d9jdmdjwv3n9-texlive-combined-2025-texmfdist/te
x/latex/refcount/refcount.sty
Package: refcount 2019/12/15 v3.6 Data extraction from label references (HO)
)
(/nix/store/l6qicpbm2pkry8bacx50d9jdmdjwv3n9-texlive-combined-2025-texmfdist/te
x/generic/gettitlestring/gettitlestring.sty
Package: gettitlestring 2019/12/15 v1.6 Cleanup title references (HO)

(/nix/store/l6qicpbm2pkry8bacx50d9jdmdjwv3n9-texlive-combined-2025-texmfdist/te
x/latex/kvoptions/kvoptions.sty
Package: kvoptions 2022-06-15 v3.15 Key value format for package options (HO)
))
\c@section@level=\count309
)
(/nix/store/l6qicpbm2pkry8bacx50d9jdmdjwv3n9-texlive-combined-2025-texmfdist/te
x/generic/stringenc/stringenc.sty
Package: stringenc 2019/11/29 v1.12 Convert strings between diff. encodings (HO
)
)
\@linkdim=\dimen183
\Hy@linkcounter=\count310
\Hy@pagecounter=\count311

(/nix/store/l6qicpbm2pkry8bacx50d9jdmdjwv3n9-texlive-combined-2025-texmfdist/te
x/latex/hyperref/pd1enc.def
File: pd1enc.def 2026-01-29 v7.01p Hyperref: PDFDocEncoding definition (HO)
Now handling font encoding PD1 ...
... no UTF-8 mapping file for font encoding PD1
)
(/nix/store/l6qicpbm2pkry8bacx50d9jdmdjwv3n9-texlive-combined-2025-texmfdist/te
x/generic/intcalc/intcalc.sty
Package: intcalc 2019/12/15 v1.3 Expandable calculations with integers (HO)
)
\Hy@SavedSpaceFactor=\count312

(/nix/store/l6qicpbm2pkry8bacx50d9jdmdjwv3n9-texlive-combined-2025-texmfdist/te
x/latex/hyperref/puenc.def
File: puenc.def 2026-01-29 v7.01p Hyperref: PDF Unicode definition (HO)
Now handling font encoding PU ...
... no UTF-8 mapping file for font encoding PU
)
Package hyperref Info: Hyper figures OFF on input line 4201.
Package hyperref Info: Link nesting OFF on input line 4206.
Package hyperref Info: Hyper index ON on input line 4209.
Package hyperref Info: Plain pages OFF on input line 4216.
Package hyperref Info: Backreferencing OFF on input line 4221.
Package hyperref Info: Implicit mode ON; LaTeX internals redefined.
Package hyperref Info: Bookmarks ON on input line 4468.
\c@Hy@tempcnt=\count313

(/nix/store/l6qicpbm2pkry8bacx50d9jdmdjwv3n9-texlive-combined-2025-texmfdist/te
x/latex/url/url.sty
\Urlmuskip=\muskip18
Package: url 2013/09/16  ver 3.4  Verb mode for urls, etc.
)
LaTeX Info: Redefining \url on input line 4807.
\XeTeXLinkMargin=\dimen184

(/nix/store/l6qicpbm2pkry8bacx50d9jdmdjwv3n9-texlive-combined-2025-texmfdist/te
x/generic/bitset/bitset.sty
Package: bitset 2019/12/09 v1.3 Handle bit-vector datatype (HO)

(/nix/store/l6qicpbm2pkry8bacx50d9jdmdjwv3n9-texlive-combined-2025-texmfdist/te
x/generic/bigintcalc/bigintcalc.sty
Package: bigintcalc 2019/12/15 v1.5 Expandable calculations on big integers (HO
)
))
\Fld@menulength=\count314
\Field@Width=\dimen185
\Fld@charsize=\dimen186
Package hyperref Info: Hyper figures OFF on input line 6084.
Package hyperref Info: Link nesting OFF on input line 6089.
Package hyperref Info: Hyper index ON on input line 6092.
Package hyperref Info: backreferencing OFF on input line 6099.
Package hyperref Info: Link coloring OFF on input line 6104.
Package hyperref Info: Link coloring with OCG OFF on input line 6109.
Package hyperref Info: PDF/A mode OFF on input line 6114.
\Hy@abspage=\count315
\c@Item=\count316
\c@Hfootnote=\count317
)
Package hyperref Info: Driver (autodetected): hpdftex.

(/nix/store/l6qicpbm2pkry8bacx50d9jdmdjwv3n9-texlive-combined-2025-texmfdist/te
x/latex/hyperref/hpdftex.def
File: hpdftex.def 2026-01-29 v7.01p Hyperref driver for pdfTeX
\Fld@listcount=\count318
\c@bookmark@seq@number=\count319

(/nix/store/l6qicpbm2pkry8bacx50d9jdmdjwv3n9-texlive-combined-2025-texmfdist/te
x/latex/rerunfilecheck/rerunfilecheck.sty
Package: rerunfilecheck 2025-06-21 v1.11 Rerun checks for auxiliary files (HO)

(/nix/store/l6qicpbm2pkry8bacx50d9jdmdjwv3n9-texlive-combined-2025-texmfdist/te
x/generic/uniquecounter/uniquecounter.sty
Package: uniquecounter 2019/12/15 v1.4 Provide unlimited unique counter (HO)
)
Package uniquecounter Info: New unique counter `rerunfilecheck' on input line 2
84.
)
\Hy@SectionHShift=\skip55
) (./numeros.tex)
(/nix/store/l6qicpbm2pkry8bacx50d9jdmdjwv3n9-texlive-combined-2025-texmfdist/te
x/latex/l3backend/l3backend-pdftex.def
File: l3backend-pdftex.def 2025-10-09 L3 backend support: PDF output (pdfTeX)
\l__color_backend_stack_int=\count320
) (./paper.aux
LaTeX Info: Redefining \. on input line 13.
LaTeX Info: Redefining \% on input line 13.
Package babel Info: 'spanish' activates 'spanish' shorthands.
(babel)             Reported on input line 13.
)
\openout1 = `paper.aux'.

LaTeX Font Info:    Checking defaults for OML/cmm/m/it on input line 25.
LaTeX Font Info:    ... okay on input line 25.
LaTeX Font Info:    Checking defaults for OMS/cmsy/m/n on input line 25.
LaTeX Font Info:    ... okay on input line 25.
LaTeX Font Info:    Checking defaults for OT1/cmr/m/n on input line 25.
LaTeX Font Info:    ... okay on input line 25.
LaTeX Font Info:    Checking defaults for T1/cmr/m/n on input line 25.
LaTeX Font Info:    ... okay on input line 25.
LaTeX Font Info:    Checking defaults for TS1/cmr/m/n on input line 25.
LaTeX Font Info:    ... okay on input line 25.
LaTeX Font Info:    Checking defaults for OMX/cmex/m/n on input line 25.
LaTeX Font Info:    ... okay on input line 25.
LaTeX Font Info:    Checking defaults for U/cmr/m/n on input line 25.
LaTeX Font Info:    ... okay on input line 25.
LaTeX Font Info:    Checking defaults for PD1/pdf/m/n on input line 25.
LaTeX Font Info:    ... okay on input line 25.
LaTeX Font Info:    Checking defaults for PU/pdf/m/n on input line 25.
LaTeX Font Info:    ... okay on input line 25.
LaTeX Info: Redefining \. on input line 25.
LaTeX Info: Redefining \% on input line 25.

*geometry* driver: auto-detecting
*geometry* detected driver: pdftex
*geometry* verbose mode - [ preamble ] result:
* driver: pdftex
* paper: a4paper
* layout: <same size as paper>
* layoutoffset:(h,v)=(0.0pt,0.0pt)
* modes: 
* h-part:(L,W,R)=(71.13188pt, 455.24411pt, 71.13188pt)
* v-part:(T,H,B)=(71.13188pt, 702.78308pt, 71.13188pt)
* \paperwidth=597.50787pt
* \paperheight=845.04684pt
* \textwidth=455.24411pt
* \textheight=702.78308pt
* \oddsidemargin=-1.1381pt
* \evensidemargin=-1.1381pt
* \topmargin=-38.1381pt
* \headheight=12.0pt
* \headsep=25.0pt
* \topskip=11.0pt
* \footskip=30.0pt
* \marginparwidth=50.0pt
* \marginparsep=10.0pt
* \columnsep=10.0pt
* \skip\footins=10.0pt plus 4.0pt minus 2.0pt
* \hoffset=0.0pt
* \voffset=0.0pt
* \mag=1000
* \@twocolumnfalse
* \@twosidefalse
* \@mparswitchfalse
* \@reversemarginfalse
* (1in=72.27pt=25.4mm, 1cm=28.453pt)


(/nix/store/l6qicpbm2pkry8bacx50d9jdmdjwv3n9-texlive-combined-2025-texmfdist/te
x/context/base/mkii/supp-pdf.mkii
[Loading MPS to PDF converter (version 2006.09.02).]
\scratchcounter=\count321
\scratchdimen=\dimen187
\scratchbox=\box58
\nofMPsegments=\count322
\nofMParguments=\count323
\everyMPshowfont=\toks31
\MPscratchCnt=\count324
\MPscratchDim=\dimen188
\MPnumerator=\count325
\makeMPintoPDFobject=\count326
\everyMPtoPDFconversion=\toks32
)
(/nix/store/l6qicpbm2pkry8bacx50d9jdmdjwv3n9-texlive-combined-2025-texmfdist/te
x/latex/epstopdf-pkg/epstopdf-base.sty
Package: epstopdf-base 2020-01-24 v2.11 Base part for package epstopdf
Package epstopdf-base Info: Redefining graphics rule for `.eps' on input line 4
85.

(/nix/store/l6qicpbm2pkry8bacx50d9jdmdjwv3n9-texlive-combined-2025-texmfdist/te
x/latex/latexconfig/epstopdf-sys.cfg
File: epstopdf-sys.cfg 2010/07/13 v1.3 Configuration of (r)epstopdf for TeX Liv
e
))
LaTeX Info: Redefining \microtypecontext on input line 25.
Package microtype Info: Applying patch `item' on input line 25.
Package microtype Info: Applying patch `toc' on input line 25.
Package microtype Info: Applying patch `eqnum' on input line 25.
Package microtype Info: Applying patch `footnote' on input line 25.
Package microtype Info: Applying patch `verbatim' on input line 25.
LaTeX Info: Redefining \microtypesetup on input line 25.
Package microtype Info: Generating PDF output.
Package microtype Info: Character protrusion enabled (level 2).
Package microtype Info: Using default protrusion set `alltext'.
Package microtype Info: Automatic font expansion enabled (level 2),
(microtype)             stretch: 20, shrink: 20, step: 1, non-selected.
Package microtype Info: Using default expansion set `alltext-nott'.
Package microtype Info: Patching command `\showhyphens'.
Package microtype Info: No adjustment of tracking.
Package microtype Info: No adjustment of interword spacing.
Package microtype Info: No adjustment of character kerning.

(/nix/store/l6qicpbm2pkry8bacx50d9jdmdjwv3n9-texlive-combined-2025-texmfdist/te
x/latex/microtype/mt-cmr.cfg
File: mt-cmr.cfg 2013/05/19 v2.2 microtype config. file: Computer Modern Roman 
(RS)
)
Package hyperref Info: Link coloring OFF on input line 25.
 (./paper.out) (./paper.out)
\@outlinefile=\write3
\openout3 = `paper.out'.

Package microtype Info: Loading generic protrusion settings for font family
(microtype)             `cmtt' (encoding: T1).
(microtype)             For optimal results, create family-specific settings.
(microtype)             See the microtype manual for details.
<../figures/entradas.png, id=30, 630.1944pt x 219.219pt>
File: ../figures/entradas.png Graphic file (type png)
<use ../figures/entradas.png>
Package pdftex.def Info: ../figures/entradas.png  used on input line 80.
(pdftex.def)             Requested size: 455.24411pt x 158.35936pt.
 [1

{/nix/store/qglsspamc30py0q1xdqc5pfvzi59ppxw-texlive-combined-2025/share/texmf-
var/fonts/map/pdftex/updmap/pdftex.map}{/nix/store/l6qicpbm2pkry8bacx50d9jdmdjw
v3n9-texlive-combined-2025-texmfdist/fonts/enc/dvips/cm-super/cm-super-t1.enc}]
<../figures/shap_img-02.png, id=62, 350.2686pt x 328.5876pt>
File: ../figures/shap_img-02.png Graphic file (type png)
<use ../figures/shap_img-02.png>
Package pdftex.def Info: ../figures/shap_img-02.png  used on input line 138.
(pdftex.def)             Requested size: 223.07211pt x 209.26248pt.
<../figures/shap_img-03.png, id=63, 379.1766pt x 328.5876pt>
File: ../figures/shap_img-03.png Graphic file (type png)
<use ../figures/shap_img-03.png>
Package pdftex.def Info: ../figures/shap_img-03.png  used on input line 139.
(pdftex.def)             Requested size: 223.07211pt x 193.30846pt.
 [2 <../figures/entradas.png>]
<../figures/estabilidad.png, id=73, 686.565pt x 253.4268pt>
File: ../figures/estabilidad.png Graphic file (type png)
<use ../figures/estabilidad.png>
Package pdftex.def Info: ../figures/estabilidad.png  used on input line 155.
(pdftex.def)             Requested size: 455.24411pt x 168.03946pt.
 [3 <../figures/shap_img-02.png> <../figures/shap_img-03.png> <../figures/estab
ilidad.png>] (./paper.bbl [4]) [5] (./paper.aux
LaTeX Info: Redefining \. on input line 13.
LaTeX Info: Redefining \% on input line 13.
)
 ***********
LaTeX2e <2025-11-01>
L3 programming layer <2026-01-19>
 ***********
Package rerunfilecheck Info: File `paper.out' has not changed.
(rerunfilecheck)             Checksum: 7278878D6FE7814EA6C2555D21907574;562.
 ) 
Here is how much of TeX's memory you used:
 13573 strings out of 468657
 220008 string characters out of 5427000
 687146 words of memory out of 5000000
 41979 multiletter control sequences out of 15000+600000
 646745 words of font info for 144 fonts, out of 8000000 for 9000
 430 hyphenation exceptions out of 8191
 75i,9n,79p,1002b,595s stack positions out of 10000i,1000n,20000p,200000b,200000s
</nix/store/l6qicpbm2pkry8bacx50d9jdmdjwv3n9-texlive-combined-2025-texmfdist/
fonts/type1/public/amsfonts/cm/cmmi10.pfb></nix/store/l6qicpbm2pkry8bacx50d9jdm
djwv3n9-texlive-combined-2025-texmfdist/fonts/type1/public/amsfonts/cm/cmr10.pf
b></nix/store/l6qicpbm2pkry8bacx50d9jdmdjwv3n9-texlive-combined-2025-texmfdist/
fonts/type1/public/amsfonts/cm/cmsy10.pfb></nix/store/l6qicpbm2pkry8bacx50d9jdm
djwv3n9-texlive-combined-2025-texmfdist/fonts/type1/public/cm-super/sfbx1000.pf
b></nix/store/l6qicpbm2pkry8bacx50d9jdmdjwv3n9-texlive-combined-2025-texmfdist/
fonts/type1/public/cm-super/sfbx1095.pfb></nix/store/l6qicpbm2pkry8bacx50d9jdmd
jwv3n9-texlive-combined-2025-texmfdist/fonts/type1/public/cm-super/sfbx1200.pfb
></nix/store/l6qicpbm2pkry8bacx50d9jdmdjwv3n9-texlive-combined-2025-texmfdist/f
onts/type1/public/cm-super/sfbx1440.pfb></nix/store/l6qicpbm2pkry8bacx50d9jdmdj
wv3n9-texlive-combined-2025-texmfdist/fonts/type1/public/cm-super/sfbx1728.pfb>
</nix/store/l6qicpbm2pkry8bacx50d9jdmdjwv3n9-texlive-combined-2025-texmfdist/fo
nts/type1/public/cm-super/sfrm1000.pfb></nix/store/l6qicpbm2pkry8bacx50d9jdmdjw
v3n9-texlive-combined-2025-texmfdist/fonts/type1/public/cm-super/sfrm1095.pfb><
/nix/store/l6qicpbm2pkry8bacx50d9jdmdjwv3n9-texlive-combined-2025-texmfdist/fon
ts/type1/public/cm-super/sfrm1200.pfb></nix/store/l6qicpbm2pkry8bacx50d9jdmdjwv
3n9-texlive-combined-2025-texmfdist/fonts/type1/public/cm-super/sfti1095.pfb></
nix/store/l6qicpbm2pkry8bacx50d9jdmdjwv3n9-texlive-combined-2025-texmfdist/font
s/type1/public/cm-super/sftt1000.pfb></nix/store/l6qicpbm2pkry8bacx50d9jdmdjwv3
n9-texlive-combined-2025-texmfdist/fonts/type1/public/cm-super/sftt1095.pfb>
Output written on paper.pdf (5 pages, 2353451 bytes).
PDF statistics:
 177 PDF objects out of 1000 (max. 8388607)
 132 compressed objects within 2 object streams
 37 named destinations out of 1000 (max. 500000)
 37949 words of extra memory for PDF output out of 42996 (max. 10000000)

